// Jest Snapshot v1, https://goo.gl/fbAQLP

exports[`renders the Sessions UI as expected 1`] = `
Array [
  "",
  <section>
    <header>
      My Saved Sessions
    </header>
    <h3>
      review past work sessions
    </h3>
  </section>,
  <section
    className="sessions-display"
  >
    <div
      className="sessions-display"
    >
      <h3>
        jest session
      </h3>
      <h4>
        â†³ 
        jest test session
      </h4>
      <p>
        session completed: 
        4
      </p>
      <button
        onClick={[Function]}
      >
        Delete
      </button>
    </div>
  </section>,
]
`;
